Copyright 1986-2016 Xilinx, Inc. All Rights Reserved.
-------------------------------------------------------------------------------------------------------------------------------
| Tool Version : Vivado v.2016.3 (win64) Build 1682563 Mon Oct 10 19:07:27 MDT 2016
| Date         : Mon Sep 18 12:20:13 2017
| Host         : vldmr-PC running 64-bit Service Pack 1  (build 7601)
| Command      : report_utilization -file srio_example_test_utilization_placed.rpt -pb srio_example_test_utilization_placed.pb
| Design       : srio_example_test
| Device       : 7k160tffg676-2
| Design State : Fully Placed
-------------------------------------------------------------------------------------------------------------------------------

Utilization Design Information

Table of Contents
-----------------
1. Slice Logic
1.1 Summary of Registers by Type
2. Slice Logic Distribution
3. Memory
4. DSP
5. IO and GT Specific
6. Clocking
7. Specific Feature
8. Primitives
9. Black Boxes
10. Instantiated Netlists

1. Slice Logic
--------------

+----------------------------+------+-------+-----------+-------+
|          Site Type         | Used | Fixed | Available | Util% |
+----------------------------+------+-------+-----------+-------+
| Slice LUTs                 | 7115 |     0 |    101400 |  7.02 |
|   LUT as Logic             | 6735 |     0 |    101400 |  6.64 |
|   LUT as Memory            |  380 |     0 |     35000 |  1.09 |
|     LUT as Distributed RAM |   96 |     0 |           |       |
|     LUT as Shift Register  |  284 |     0 |           |       |
| Slice Registers            | 9284 |     0 |    202800 |  4.58 |
|   Register as Flip Flop    | 9284 |     0 |    202800 |  4.58 |
|   Register as Latch        |    0 |     0 |    202800 |  0.00 |
| F7 Muxes                   |   41 |     0 |     50700 |  0.08 |
| F8 Muxes                   |    0 |     0 |     25350 |  0.00 |
+----------------------------+------+-------+-----------+-------+


1.1 Summary of Registers by Type
--------------------------------

+-------+--------------+-------------+--------------+
| Total | Clock Enable | Synchronous | Asynchronous |
+-------+--------------+-------------+--------------+
| 0     |            _ |           - |            - |
| 0     |            _ |           - |          Set |
| 0     |            _ |           - |        Reset |
| 0     |            _ |         Set |            - |
| 0     |            _ |       Reset |            - |
| 0     |          Yes |           - |            - |
| 164   |          Yes |           - |          Set |
| 516   |          Yes |           - |        Reset |
| 290   |          Yes |         Set |            - |
| 8314  |          Yes |       Reset |            - |
+-------+--------------+-------------+--------------+


2. Slice Logic Distribution
---------------------------

+-------------------------------------------+------+-------+-----------+-------+
|                 Site Type                 | Used | Fixed | Available | Util% |
+-------------------------------------------+------+-------+-----------+-------+
| Slice                                     | 3028 |     0 |     25350 | 11.94 |
|   SLICEL                                  | 1889 |     0 |           |       |
|   SLICEM                                  | 1139 |     0 |           |       |
| LUT as Logic                              | 6735 |     0 |    101400 |  6.64 |
|   using O5 output only                    |    0 |       |           |       |
|   using O6 output only                    | 5832 |       |           |       |
|   using O5 and O6                         |  903 |       |           |       |
| LUT as Memory                             |  380 |     0 |     35000 |  1.09 |
|   LUT as Distributed RAM                  |   96 |     0 |           |       |
|     using O5 output only                  |    0 |       |           |       |
|     using O6 output only                  |    0 |       |           |       |
|     using O5 and O6                       |   96 |       |           |       |
|   LUT as Shift Register                   |  284 |     0 |           |       |
|     using O5 output only                  |    5 |       |           |       |
|     using O6 output only                  |   43 |       |           |       |
|     using O5 and O6                       |  236 |       |           |       |
| LUT Flip Flop Pairs                       | 3648 |     0 |    101400 |  3.60 |
|   fully used LUT-FF pairs                 |  479 |       |           |       |
|   LUT-FF pairs with one unused LUT output | 3023 |       |           |       |
|   LUT-FF pairs with one unused Flip Flop  | 2811 |       |           |       |
| Unique Control Sets                       |  378 |       |           |       |
+-------------------------------------------+------+-------+-----------+-------+
* Note: Review the Control Sets Report for more information regarding control sets.


3. Memory
---------

+-------------------+------+-------+-----------+-------+
|     Site Type     | Used | Fixed | Available | Util% |
+-------------------+------+-------+-----------+-------+
| Block RAM Tile    |   19 |     0 |       325 |  5.85 |
|   RAMB36/FIFO*    |   19 |     0 |       325 |  5.85 |
|     RAMB36E1 only |   19 |       |           |       |
|   RAMB18          |    0 |     0 |       650 |  0.00 |
+-------------------+------+-------+-----------+-------+
* Note: Each Block RAM Tile only has one FIFO logic available and therefore can accommodate only one FIFO36E1 or one FIFO18E1. However, if a FIFO18E1 occupies a Block RAM Tile, that tile can still accommodate a RAMB18E1


4. DSP
------

+-----------+------+-------+-----------+-------+
| Site Type | Used | Fixed | Available | Util% |
+-----------+------+-------+-----------+-------+
| DSPs      |    0 |     0 |       600 |  0.00 |
+-----------+------+-------+-----------+-------+


5. IO and GT Specific
---------------------

+-----------------------------+------+-------+-----------+-------+
|          Site Type          | Used | Fixed | Available | Util% |
+-----------------------------+------+-------+-----------+-------+
| Bonded IOB                  |    0 |     0 |       400 |  0.00 |
| Bonded IPADs                |    4 |     4 |        26 | 15.38 |
| Bonded OPADs                |    2 |     2 |        16 | 12.50 |
| PHY_CONTROL                 |    0 |     0 |         8 |  0.00 |
| PHASER_REF                  |    0 |     0 |         8 |  0.00 |
| OUT_FIFO                    |    0 |     0 |        32 |  0.00 |
| IN_FIFO                     |    0 |     0 |        32 |  0.00 |
| IDELAYCTRL                  |    0 |     0 |         8 |  0.00 |
| IBUFDS                      |    0 |     0 |       384 |  0.00 |
| GTXE2_COMMON                |    1 |     0 |         2 | 50.00 |
| GTXE2_CHANNEL               |    1 |     1 |         8 | 12.50 |
| PHASER_OUT/PHASER_OUT_PHY   |    0 |     0 |        32 |  0.00 |
| PHASER_IN/PHASER_IN_PHY     |    0 |     0 |        32 |  0.00 |
| IDELAYE2/IDELAYE2_FINEDELAY |    0 |     0 |       400 |  0.00 |
| ODELAYE2/ODELAYE2_FINEDELAY |    0 |     0 |       150 |  0.00 |
| IBUFDS_GTE2                 |    1 |     1 |         4 | 25.00 |
| ILOGIC                      |    0 |     0 |       400 |  0.00 |
| OLOGIC                      |    0 |     0 |       400 |  0.00 |
+-----------------------------+------+-------+-----------+-------+


6. Clocking
-----------

+------------+------+-------+-----------+-------+
|  Site Type | Used | Fixed | Available | Util% |
+------------+------+-------+-----------+-------+
| BUFGCTRL   |    5 |     0 |        32 | 15.63 |
| BUFIO      |    0 |     0 |        32 |  0.00 |
| MMCME2_ADV |    1 |     0 |         8 | 12.50 |
| PLLE2_ADV  |    0 |     0 |         8 |  0.00 |
| BUFMRCE    |    0 |     0 |        16 |  0.00 |
| BUFHCE     |    0 |     0 |       120 |  0.00 |
| BUFR       |    0 |     0 |        32 |  0.00 |
+------------+------+-------+-----------+-------+


7. Specific Feature
-------------------

+-------------+------+-------+-----------+-------+
|  Site Type  | Used | Fixed | Available | Util% |
+-------------+------+-------+-----------+-------+
| BSCANE2     |    1 |     0 |         4 | 25.00 |
| CAPTUREE2   |    0 |     0 |         1 |  0.00 |
| DNA_PORT    |    0 |     0 |         1 |  0.00 |
| EFUSE_USR   |    0 |     0 |         1 |  0.00 |
| FRAME_ECCE2 |    0 |     0 |         1 |  0.00 |
| ICAPE2      |    0 |     0 |         2 |  0.00 |
| PCIE_2_1    |    0 |     0 |         1 |  0.00 |
| STARTUPE2   |    0 |     0 |         1 |  0.00 |
| XADC        |    0 |     0 |         1 |  0.00 |
+-------------+------+-------+-----------+-------+


8. Primitives
-------------

+---------------+------+---------------------+
|    Ref Name   | Used | Functional Category |
+---------------+------+---------------------+
| FDRE          | 8314 |        Flop & Latch |
| LUT6          | 2951 |                 LUT |
| LUT5          | 1537 |                 LUT |
| LUT4          | 1312 |                 LUT |
| LUT3          |  937 |                 LUT |
| LUT2          |  675 |                 LUT |
| FDCE          |  516 |        Flop & Latch |
| SRL16E        |  342 |  Distributed Memory |
| FDSE          |  290 |        Flop & Latch |
| LUT1          |  226 |                 LUT |
| SRLC32E       |  176 |  Distributed Memory |
| FDPE          |  164 |        Flop & Latch |
| RAMD32        |  146 |  Distributed Memory |
| CARRY4        |  145 |          CarryLogic |
| RAMS32        |   46 |  Distributed Memory |
| MUXF7         |   41 |               MuxFx |
| RAMB36E1      |   19 |        Block Memory |
| BUFG          |    5 |               Clock |
| IBUF          |    4 |                  IO |
| SRLC16E       |    2 |  Distributed Memory |
| OBUF          |    2 |                  IO |
| MMCME2_ADV    |    1 |               Clock |
| IBUFDS_GTE2   |    1 |                  IO |
| GTXE2_COMMON  |    1 |                  IO |
| GTXE2_CHANNEL |    1 |                  IO |
| BSCANE2       |    1 |              Others |
+---------------+------+---------------------+


9. Black Boxes
--------------

+----------+------+
| Ref Name | Used |
+----------+------+


10. Instantiated Netlists
-------------------------

+-------------+------+
|   Ref Name  | Used |
+-------------+------+
| vio_0       |    1 |
| srio_gen2_0 |    1 |
| ila_0       |    1 |
| dbg_hub_CV  |    1 |
+-------------+------+


